// Jest Snapshot v1, https://goo.gl/fbAQLP

exports[`SurgioService getArtifact should work 1`] = `
"ðŸ‡ºðŸ‡¸US 1 = ss, us.example.com, 443, encrypt-method=chacha20-ietf-poly1305, password=password, obfs=tls, obfs-host=gateway-carry.icloud.com
ðŸ‡ºðŸ‡¸US 2 = ss, us.example.com, 443, encrypt-method=chacha20-ietf-poly1305, password=password
ðŸ‡ºðŸ‡¸ US = ss, us.example.com, 443, encrypt-method=chacha20-ietf-poly1305, password=password, udp-relay=true, obfs=tls, obfs-host=gateway-carry.icloud.com, tfo=true
Snell = snell, us.example.com, 443, psk=password, obfs=tls
HTTPS = https, us.example.com, 443, username, password
ss1 = ss, server, 443, encrypt-method=chacha20-ietf-poly1305, password=password, udp-relay=true
ss2 = ss, server, 443, encrypt-method=chacha20-ietf-poly1305, password=password, udp-relay=false, obfs=tls, obfs-host=www.bing.com
vmess = vmess, server, 443, username=uuid, vmess-aead=true
socks = socks5, server, 443
http 1 = https, server, 443, username, password, tls13=false, skip-cert-verify=false
http 2 = http, server, 443, username, password
snell = snell, server, 44046, psk=yourpsk, obfs=http
ss4 = ss, server, 443, encrypt-method=chacha20-ietf-poly1305, password=password, udp-relay=false, obfs=tls, obfs-host=example.com
----
ðŸ‡ºðŸ‡¸US 1, ðŸ‡ºðŸ‡¸US 2, ðŸ‡ºðŸ‡¸US 3, ðŸ‡ºðŸ‡¸ US, Snell, HTTPS, ss1, ss2, ss3, vmess, socks, http 1, http 2, snell, ss4, ss-wss
"
`;

exports[`SurgioService transformArtifact filter should work 1`] = `"ðŸ‡ºðŸ‡¸ US = ss, us.example.com, 443, encrypt-method=chacha20-ietf-poly1305, password=password, udp-relay=true, obfs=tls, obfs-host=gateway-carry.icloud.com, tfo=true"`;

exports[`SurgioService transformArtifact filter should work 2`] = `"shadowsocks=us.example.com:443, method=chacha20-ietf-poly1305, password=password, obfs=tls, obfs-host=gateway-carry.icloud.com, udp-relay=true, fast-open=true, tag=ðŸ‡ºðŸ‡¸ US"`;

exports[`SurgioService transformArtifact filter should work 3`] = `
"---
proxies:
  - type: ss
    cipher: chacha20-ietf-poly1305
    name: ðŸ‡ºðŸ‡¸ US
    password: password
    port: "443"
    server: us.example.com
    udp: true
    plugin: obfs
    plugin-opts:
      mode: tls
      host: gateway-carry.icloud.com

"
`;

exports[`SurgioService transformArtifact format should work 1`] = `
"ðŸ‡ºðŸ‡¸US 1 = ss, us.example.com, 443, encrypt-method=chacha20-ietf-poly1305, password=password, obfs=tls, obfs-host=gateway-carry.icloud.com
ðŸ‡ºðŸ‡¸US 2 = ss, us.example.com, 443, encrypt-method=chacha20-ietf-poly1305, password=password
ðŸ‡ºðŸ‡¸ US = ss, us.example.com, 443, encrypt-method=chacha20-ietf-poly1305, password=password, udp-relay=true, obfs=tls, obfs-host=gateway-carry.icloud.com, tfo=true
Snell = snell, us.example.com, 443, psk=password, obfs=tls
HTTPS = https, us.example.com, 443, username, password
ss1 = ss, server, 443, encrypt-method=chacha20-ietf-poly1305, password=password, udp-relay=true
ss2 = ss, server, 443, encrypt-method=chacha20-ietf-poly1305, password=password, udp-relay=false, obfs=tls, obfs-host=www.bing.com
vmess = vmess, server, 443, username=uuid, vmess-aead=true
socks = socks5, server, 443
http 1 = https, server, 443, username, password, tls13=false, skip-cert-verify=false
http 2 = http, server, 443, username, password
snell = snell, server, 44046, psk=yourpsk, obfs=http
ss4 = ss, server, 443, encrypt-method=chacha20-ietf-poly1305, password=password, udp-relay=false, obfs=tls, obfs-host=example.com"
`;

exports[`SurgioService transformArtifact format should work 2`] = `
"shadowsocks=us.example.com:443, method=chacha20-ietf-poly1305, password=password, obfs=tls, obfs-host=gateway-carry.icloud.com, tag=ðŸ‡ºðŸ‡¸US 1
shadowsocks=us.example.com:443, method=chacha20-ietf-poly1305, password=password, tag=ðŸ‡ºðŸ‡¸US 2
shadowsocks=us.example.com:443, method=chacha20-ietf-poly1305, password=password, obfs=wss, obfs-host=gateway-carry.icloud.com, obfs-uri=/, tls-verification=true, tag=ðŸ‡ºðŸ‡¸US 3
shadowsocks=us.example.com:443, method=chacha20-ietf-poly1305, password=password, obfs=tls, obfs-host=gateway-carry.icloud.com, udp-relay=true, fast-open=true, tag=ðŸ‡ºðŸ‡¸ US
http=us.example.com:443, username=username, password=password, over-tls=true, tls-verification=true, tag=HTTPS
shadowsocks=server:443, method=chacha20-ietf-poly1305, password=password, udp-relay=true, tag=ss1
shadowsocks=server:443, method=chacha20-ietf-poly1305, password=password, obfs=tls, obfs-host=www.bing.com, tag=ss2
shadowsocks=server:443, method=chacha20-ietf-poly1305, password=password, obfs=ws, obfs-host=server, obfs-uri=/, tag=ss3
vmess=server:443, method=chacha20-poly1305, password=uuid, aead=true, tag=vmess
http=server:443, username=username, password=password, over-tls=true, tls-verification=true, tag=http 1
http=server:443, username=username, password=password, tag=http 2
shadowsocks=server:443, method=chacha20-ietf-poly1305, password=password, obfs=tls, obfs-host=example.com, tag=ss4
shadowsocks=server:443, method=chacha20-ietf-poly1305, password=password, obfs=wss, obfs-host=cloudflare.com, obfs-uri=/ws, tls-verification=true, tag=ss-wss"
`;

exports[`SurgioService transformArtifact format should work 3`] = `
"---
proxies:
  - type: ss
    cipher: chacha20-ietf-poly1305
    name: ðŸ‡ºðŸ‡¸US 1
    password: password
    port: "443"
    server: us.example.com
    udp: false
    plugin: obfs
    plugin-opts:
      mode: tls
      host: gateway-carry.icloud.com
  - type: ss
    cipher: chacha20-ietf-poly1305
    name: ðŸ‡ºðŸ‡¸US 2
    password: password
    port: "443"
    server: us.example.com
    udp: false
  - type: ss
    cipher: chacha20-ietf-poly1305
    name: ðŸ‡ºðŸ‡¸US 3
    password: password
    port: "443"
    server: us.example.com
    udp: false
    plugin: v2ray-plugin
    plugin-opts:
      mode: websocket
      tls: true
      host: gateway-carry.icloud.com
      path: /
      mux: false
      headers: {}
  - type: ss
    cipher: chacha20-ietf-poly1305
    name: ðŸ‡ºðŸ‡¸ US
    password: password
    port: "443"
    server: us.example.com
    udp: true
    plugin: obfs
    plugin-opts:
      mode: tls
      host: gateway-carry.icloud.com
  - type: snell
    name: Snell
    server: us.example.com
    port: "443"
    psk: password
    obfs-opts:
      mode: tls
  - type: http
    name: HTTPS
    server: us.example.com
    port: "443"
    username: username
    password: password
    tls: true
    skip-cert-verify: false
  - type: ss
    cipher: chacha20-ietf-poly1305
    name: ss1
    password: password
    port: 443
    server: server
    udp: true
  - type: ss
    cipher: chacha20-ietf-poly1305
    name: ss2
    password: password
    port: 443
    server: server
    udp: false
    plugin: obfs
    plugin-opts:
      mode: tls
      host: www.bing.com
  - type: ss
    cipher: chacha20-ietf-poly1305
    name: ss3
    password: password
    port: 443
    server: server
    udp: false
    plugin: v2ray-plugin
    plugin-opts:
      mode: websocket
      tls: false
      host: server
      path: /
      mux: false
      headers: {}
  - type: vmess
    cipher: auto
    name: vmess
    server: server
    port: 443
    udp: false
    uuid: uuid
    network: tcp
    alterId: "32"
  - type: socks5
    name: socks
    server: server
    port: 443
  - type: http
    name: http 1
    server: server
    port: 443
    username: username
    password: password
    tls: true
    skip-cert-verify: false
  - type: http
    name: http 2
    server: server
    port: 443
    username: username
    password: password
  - type: snell
    name: snell
    server: server
    port: 44046
    psk: yourpsk
    obfs-opts:
      mode: http
  - type: ss
    cipher: chacha20-ietf-poly1305
    name: ss4
    password: password
    port: 443
    server: server
    udp: false
    plugin: obfs
    plugin-opts:
      mode: tls
      host: example.com
  - type: ss
    cipher: chacha20-ietf-poly1305
    name: ss-wss
    password: password
    port: 443
    server: server
    udp: false
    plugin: v2ray-plugin
    plugin-opts:
      mode: websocket
      tls: true
      skip-cert-verify: false
      host: cloudflare.com
      path: /ws
      mux: false
      headers: {}

"
`;
