// Jest Snapshot v1, https://goo.gl/fbAQLP

exports[`ApiController (e2e) /api/artifacts (GET) 1`] = `"{"status":"ok","data":[{"name":"test.conf","template":"test","provider":"ss","combineProviders":["custom","clash"]},{"name":"test2.conf","template":"test","provider":"rename"},{"name":"test3.conf","template":"test","provider":"subscription-userinfo"},{"name":"custom-params.conf","template":"custom-params","provider":"ss","combineProviders":["custom","clash"],"customParams":{"foo":"original","child":{"bar":"original"}}},{"name":"clash-error-after-first.conf","template":"test","provider":"clash-error-after-first"},{"name":"hooks.conf","template":"test","provider":"hooks"}]}"`;

exports[`ApiController (e2e) /api/providers (GET) 1`] = `"{"status":"ok","data":[{"name":"clash-error-after-first","type":"clash","url":"http://example.com/clash-sample-error-after-first.yaml","supportGetSubscriptionUserInfo":true},{"name":"clash","type":"clash","url":"http://example.com/clash-sample.yaml","supportGetSubscriptionUserInfo":true},{"name":"custom","type":"custom","supportGetSubscriptionUserInfo":false},{"name":"hooks","type":"custom","supportGetSubscriptionUserInfo":false},{"name":"rename","type":"shadowsocks_subscribe","url":"http://example.com/test-ss-sub.txt","supportGetSubscriptionUserInfo":true},{"name":"ss","type":"shadowsocks_subscribe","url":"http://example.com/test-ss-sub.txt","supportGetSubscriptionUserInfo":true},{"name":"subscription-userinfo","type":"shadowsocks_subscribe","url":"http://example.com/test-ss-sub-user-info.txt","supportGetSubscriptionUserInfo":true}]}"`;
